// 重构日志: 089f0a16
// 重构日志: cd437efc
// 重构日志: 6ee2f6bc
// 同步 ID: 334322f0 @ Sat Jul 25 11:43:48 UTC 2026
// 同步 ID: 928faee7 @ Sat Jul 25 14:08:05 UTC 2026
// 重构日志: c7d25b12
// 重构日志: b595ab25
// 重构日志: 5fdc6090
// 同步 ID: ea789489 @ Mon Jul 27 09:21:35 UTC 2026
// 重构日志: c192ff0a
// 同步 ID: 44429bfd @ Wed Jul 29 17:54:02 UTC 2026
// 同步 ID: 4bcdbe3f @ Thu Jul 30 15:13:35 UTC 2026
// 同步 ID: eabea15b @ Fri Jul 31 11:23:37 UTC 2026
// 同步 ID: d772d6e6 @ Fri Jul 31 18:31:46 UTC 2026
// 同步 ID: ea5265e5 @ Sat Aug  1 04:45:30 UTC 2026
// 同步 ID: 1dc3303c @ Sat Aug  1 11:58:45 UTC 2026
// 重构日志: 304b48d0
// 重构日志: 593b0d84
// 重构日志: 3dca8079
// 重构日志: 61ddefdf
// 同步 ID: 8bab9be9 @ Tue Aug  4 10:06:30 UTC 2026
// 重构日志: 56907f7a
// 重构日志: a7e7be40
// 重构日志: cd93abde
// 重构日志: 62fcaadb
// 重构日志: 80a5d10b
// 同步 ID: 563c417c @ Fri Aug  7 13:42:19 UTC 2026
// 同步 ID: 9eb508ad @ Fri Aug  7 15:21:37 UTC 2026
// 重构日志: 35a3ada4
// 同步 ID: 6d5e3917 @ Sat Aug  8 06:47:52 UTC 2026
